Microchip MPLAB XC8 Compiler V3.00

Linker command line:

-W-3 \
  --edf=C:\Program Files\Microchip\xc8\v3.00\pic\dat\20241204225717_en.msgs \
  -cn -h+dist/default/debug\Washing_machine.X.debug.sym \
  --cmf=dist/default/debug\Washing_machine.X.debug.cmf -z -w9 \
  --disl=596:off -Q16F877A \
  -oC:\Users\Prajakta\AppData\Local\Temp\xcAsfls.\driver_tmp_3.o \
  --defsym=__MPLAB_BUILD=1 -Mdist/default/debug/Washing_machine.X.debug.map \
  --md=C:\Users\Prajakta\AppData\Local\Temp\xcAsfls.\driver_tmp_0.dat -E1 \
  -ver=XC8 Compiler -ACODE=00h-07FFhx4 -ASTRCODE=00h-01FFFh \
  -ASTRING=00h-0FFhx32 -ACONST=00h-0FFhx32 -AENTRY=00h-0FFhx32 \
  -ACOMMON=070h-07Fh -ABANK0=020h-06Fh -ABANK1=0A0h-0EFh \
  -ABANK2=0110h-016Fh -ABANK3=0190h-01EFh \
  -ARAM=020h-06Fh,0A0h-0EFh,0110h-016Fh,0190h-01EFh \
  -AABS1=020h-07Fh,0A0h-0EFh,0110h-016Fh,0190h-01EFh -ASFR0=00h-01Fh \
  -ASFR1=080h-09Fh -ASFR2=0100h-010Fh -ASFR3=0180h-018Fh \
  -ACONFIG=02007h-02007h -DCONFIG=2 -AIDLOC=02000h-02003h -DIDLOC=2 \
  -AEEDATA=00h-0FFh/02100h -peeprom_data=EEDATA -DEEDATA=2 -DCODE=2 \
  -DSTRCODE=2 -DSTRING=2 -DCONST=2 -DENTRY=2 \
  -preset_vec=00h,intentry=04h,sivt,init,end_init -ppowerup=CODE \
  -pcinit=CODE -pfunctab=ENTRY -k \
  C:\Users\Prajakta\AppData\Local\Temp\xcAsfls.\driver_tmp_12.o \
  dist/default/debug\Washing_machine.X.debug.o 

Object code version is 3.11

Machine type is 16F877A



                Name                               Link     Load   Length Selector   Space Scale
C:\Users\Prajakta\AppData\Local\Temp\xcAsfls.\driver_tmp_12.o
                end_init                              C        C        4        8       0
                reset_vec                             0        0        3        0       0
                config                             2007     2007        1        0       4
dist/default/debug\Washing_machine.X.debug.o
                cinit                                10       10       14        8       0
                intentry                              4        4        8        8       0
                config                             2007     2007        1        0       4
                text12                              1A0      1A0       33      340       0
                text11                              222      222       20      340       0
                text10                              100      100       57        8       0
                text9                               287      287        B      340       0
                text8                               292      292        6      340       0
                text7                               242      242       14      340       0
                text6                               267      267       11      340       0
                text5                               1FD      1FD       25      340       0
                text4                               256      256       11      340       0
                text3                                24       24       76        8       0
                text2                               1D3      1D3       2A      340       0
                text1                               278      278        F      340       0
                maintext                             9A       9A       66        8       0
                cstackBANK0                          20       20        7       20       1
                cstackCOMMON                         70       70        B       70       1
                dataBANK0                            2B       2B        1       20       1
                bssBANK0                             27       27        4       20       1
                dataCOMMON                           7B       7B        1       70       1
                strings                             157      157       49      2AE       0
                idataBANK0                          299      299        1      340       0
                idataCOMMON                         298      298        1      340       0

TOTAL           Name                               Link     Load   Length     Space
        CLASS   CODE           
                end_init                              C        C        4         0
                cinit                                10       10       14         0
                intentry                              4        4        8         0
                reset_vec                             0        0        3         0
                text12                              1A0      1A0       33         0
                text11                              222      222       20         0
                text10                              100      100       57         0
                text9                               287      287        B         0
                text8                               292      292        6         0
                text7                               242      242       14         0
                text6                               267      267       11         0
                text5                               1FD      1FD       25         0
                text4                               256      256       11         0
                text3                                24       24       76         0
                text2                               1D3      1D3       2A         0
                text1                               278      278        F         0
                maintext                             9A       9A       66         0
                idataBANK0                          299      299        1         0
                idataCOMMON                         298      298        1         0

        CLASS   STRCODE        

        CLASS   STRING         
                strings                             157      157       49         0

        CLASS   CONST          

        CLASS   ENTRY          

        CLASS   COMMON         
                cstackCOMMON                         70       70        B         1
                dataCOMMON                           7B       7B        1         1

        CLASS   BANK0          
                cstackBANK0                          20       20        7         1
                dataBANK0                            2B       2B        1         1
                bssBANK0                             27       27        4         1

        CLASS   BANK1          

        CLASS   BANK2          

        CLASS   BANK3          

        CLASS   RAM            

        CLASS   ABS1           
                abs_s1                               7E       7E        2         1

        CLASS   SFR0           

        CLASS   SFR1           

        CLASS   SFR2           

        CLASS   SFR3           

        CLASS   CONFIG         
                config                             2007     2007        1         4

        CLASS   IDLOC          

        CLASS   EEDATA         

        CLASS   HEAP           

        CLASS   STACK          



SEGMENTS        Name                           Load    Length   Top    Selector   Space  Class     Delta

                reset_vec                      000000  000003  000003         0       0  CODE        2
                intentry                       000004  000153  000157         8       0  CODE        2
                cstackBANK0                    000020  00000C  00002C        20       1  BANK0       1
                cstackCOMMON                   000070  00000C  00007C        70       1  COMMON      1
                strings                        000157  000049  0001A0       2AE       0  STRING      2
                text12                         0001A0  0000FA  00029A       340       0  CODE        2


UNUSED ADDRESS RANGES

        Name                Unused          Largest block    Delta
        BANK0            002C-006F             44           1
        BANK1            00A0-00EF             50           1
        BANK2            0110-016F             60           1
        BANK3            0190-01EF             60           1
        CODE             0003-0003              1           2
                         029A-1FFF            800
        COMMON           007C-007D              2           1
        CONST            0003-0003              1           2
                         029A-1FFF            100
        EEDATA           2100-21FF            100           2
        ENTRY            0003-0003              1           2
                         029A-1FFF            100
        IDLOC            2000-2003              4           2
        RAM              002C-006F             44           1
                         00A0-00EF             50
                         0110-016F             60
                         0190-01EF             60
        SFR0             0000-001F             20           1
        SFR1             0080-009F             20           1
        SFR2             0100-010F             10           1
        SFR3             0180-018F             10           1
        STRCODE          0003-0003              1           2
                         029A-1FFF           1D66
        STRING           0003-0003              1           2
                         029A-1FFF            100

                                  Symbol Table

_GIE                             (abs)        005F
_PEIE                            (abs)        005E
_PORTB                           (abs)        0006
_PORTD                           (abs)        0008
_PR2                             (abs)        0092
_RE1                             (abs)        0049
_RE2                             (abs)        004A
_T2CKPS0                         (abs)        0090
_T2CKPS1                         (abs)        0091
_TMR2IE                          (abs)        0461
_TMR2IF                          (abs)        0061
_TMR2ON                          (abs)        0092
_TOUTPS0                         (abs)        0093
_TOUTPS1                         (abs)        0094
_TOUTPS2                         (abs)        0095
_TOUTPS3                         (abs)        0096
_TRISB                           (abs)        0086
_TRISD                           (abs)        0088
_TRISE1                          (abs)        0449
_TRISE2                          (abs)        044A
__H__absolute__                  __absolute__ 0000
__Habs1                          abs1         0000
__Hbank0                         bank0        0000
__Hbank1                         bank1        0000
__Hbank2                         bank2        0000
__Hbank3                         bank3        0000
__HbssBANK0                      bssBANK0     0000
__Hcinit                         cinit        0024
__Hclrtext                       clrtext      0000
__Hcode                          code         0000
__Hcommon                        common       0000
__Hconfig                        config       2008
__HcstackBANK0                   cstackBANK0  0000
__HcstackCOMMON                  cstackCOMMON 0000
__HdataBANK0                     dataBANK0    0000
__HdataCOMMON                    dataCOMMON   0000
__Heeprom_data                   eeprom_data  0000
__Hend_init                      end_init     0010
__Hfunctab                       functab      0000
__Hheap                          heap         0000
__HidataBANK0                    idataBANK0   0000
__HidataCOMMON                   idataCOMMON  0000
__Hinit                          init         000C
__Hintentry                      intentry     000C
__Hmaintext                      maintext     0000
__Hpowerup                       powerup      0000
__Hram                           ram          0000
__Hreset_vec                     reset_vec    0003
__Hsfr0                          sfr0         0000
__Hsfr1                          sfr1         0000
__Hsfr2                          sfr2         0000
__Hsfr3                          sfr3         0000
__Hsivt                          sivt         000C
__Hspace_0                       (abs)        029A
__Hspace_1                       (abs)        007C
__Hspace_2                       (abs)        0000
__Hspace_3                       (abs)        0000
__Hspace_4                       (abs)        400F
__Hstack                         stack        0000
__Hstrings                       strings      0000
__Htext                          text         0000
__L__absolute__                  __absolute__ 0000
__Labs1                          abs1         0000
__Lbank0                         bank0        0000
__Lbank1                         bank1        0000
__Lbank2                         bank2        0000
__Lbank3                         bank3        0000
__LbssBANK0                      bssBANK0     0000
__Lcinit                         cinit        0010
__Lclrtext                       clrtext      0000
__Lcode                          code         0000
__Lcommon                        common       0000
__Lconfig                        config       0000
__LcstackBANK0                   cstackBANK0  0000
__LcstackCOMMON                  cstackCOMMON 0000
__LdataBANK0                     dataBANK0    0000
__LdataCOMMON                    dataCOMMON   0000
__Leeprom_data                   eeprom_data  0000
__Lend_init                      end_init     000C
__Lfunctab                       functab      0000
__Lheap                          heap         0000
__LidataBANK0                    idataBANK0   0000
__LidataCOMMON                   idataCOMMON  0000
__Linit                          init         000C
__Lintentry                      intentry     0004
__Lmaintext                      maintext     0000
__Lpowerup                       powerup      0000
__Lram                           ram          0000
__Lreset_vec                     reset_vec    0000
__Lsfr0                          sfr0         0000
__Lsfr1                          sfr1         0000
__Lsfr2                          sfr2         0000
__Lsfr3                          sfr3         0000
__Lsivt                          sivt         000C
__Lspace_0                       (abs)        0000
__Lspace_1                       (abs)        0000
__Lspace_2                       (abs)        0000
__Lspace_3                       (abs)        0000
__Lspace_4                       (abs)        0000
__Lstack                         stack        0000
__Lstrings                       strings      0000
__Ltext                          text         0000
__S0                             (abs)        029A
__S1                             (abs)        007C
__S3                             (abs)        0000
___heap_hi                       (abs)        0000
___heap_lo                       (abs)        0000
___int_sp                        stack        0000
___int_stack_hi                  stack        0000
___int_stack_lo                  stack        0000
___latbits                       (abs)        0002
___sp                            stack        0000
___stack_hi                      stack        0000
___stack_lo                      stack        0000
___stackhi                       (abs)        0000
___stacklo                       (abs)        0000
__end_of__initialization         cinit        0020
__end_of__stringtab              strings      015D
__end_of_clcd_print              text5        0222
__end_of_clcd_putch              text4        0267
__end_of_clcd_write              text11       0242
__end_of_init_clcd               text9        0292
__end_of_init_config             text6        0278
__end_of_init_digital_keypad     text8        0298
__end_of_init_display_controller text10       0157
__end_of_init_timer2             text7        0256
__end_of_isr                     text12       01D3
__end_of_main                    maintext     0100
__end_of_power_on_screen         text3        009A
__end_of_read_digital_keypad     text2        01FD
__end_of_washing_program_display text1        0287
__initialization                 cinit        0010
__pbssBANK0                      bssBANK0     0027
__pcstackBANK0                   cstackBANK0  0020
__pcstackCOMMON                  cstackCOMMON 0070
__pdataBANK0                     dataBANK0    002B
__pdataCOMMON                    dataCOMMON   007B
__pidataBANK0                    idataBANK0   0299
__pidataCOMMON                   idataCOMMON  0298
__pintentry                      intentry     0004
__pmaintext                      maintext     009A
__pstrings                       strings      0157
__ptext1                         text1        0278
__ptext10                        text10       0100
__ptext11                        text11       0222
__ptext12                        text12       01A0
__ptext2                         text2        01D3
__ptext3                         text3        0024
__ptext4                         text4        0256
__ptext5                         text5        01FD
__ptext6                         text6        0267
__ptext7                         text7        0242
__ptext8                         text8        0292
__ptext9                         text9        0287
__stringbase                     strings      015C
__stringtab                      strings      0157
_clcd_print                      text5        01FD
_clcd_putch                      text4        0256
_clcd_write                      text11       0222
_clear_screen                                     
_init_clcd                       text9        0287
_init_config                     text6        0267
_init_digital_keypad             text8        0292
_init_display_controller         text10       0100
_init_timer2                     text7        0242
_isr                             text12       01A0
_main                            maintext     009A
_operational_mode                dataBANK0    002B
_power_on_screen                 text3        0024
_read_digital_keypad             text2        01D3
_washing_program_display         text1        0278
btemp                            (abs)        007E
clcd_print@addr                  cstackCOMMON 0077
clcd_print@str                   cstackCOMMON 0076
clcd_putch@addr                  cstackCOMMON 0076
clcd_putch@data                  cstackCOMMON 0077
clcd_write@byte                  cstackCOMMON 0075
clcd_write@mode                  cstackCOMMON 0072
end_of_initialization            cinit        0020
interrupt_function               intentry     0004
intlevel0                        functab      0000
intlevel1                        functab      0000
intlevel2                        functab      0000
intlevel3                        functab      0000
intlevel4                        functab      0000
intlevel5                        functab      0000
isr@count                        bssBANK0     0027
main@delay                       cstackBANK0  0024
main@key                         cstackBANK0  0026
power_on_screen@i                cstackBANK0  0020
power_on_screen@i_132            cstackBANK0  0022
read_digital_keypad@mode         cstackCOMMON 0073
read_digital_keypad@once         dataCOMMON   007B
reset_vec                        reset_vec    0000
saved_w                          (abs)        007E
start                            init         000C
start_initialization             cinit        0010
wtemp0                           (abs)        007E
